// Vitest Snapshot v1, https://vitest.dev/guide/snapshot.html

exports[`kantoRby > keeps every location unchanged 1`] = `
{
  "locations": {
    "celadon-city": "28085c64a326",
    "celadon-city/celadon-chief-house": "c63d16cc095b",
    "celadon-city/celadon-dept-store": "0caec03c5dd9",
    "celadon-city/celadon-diner": "1007d66584bf",
    "celadon-city/celadon-gym": "e730a034df63",
    "celadon-city/celadon-hotel": "6d4ccedfa2cf",
    "celadon-city/celadon-mansion": "5d6a15293c64",
    "celadon-city/celadon-pokemon-center": "b4abf2c94605",
    "celadon-city/game-corner-prize-room": "71f3f1604b7f",
    "celadon-city/rocket-game-corner": "18d1a84fc821",
    "cerulean-city": "e600ffa9f906",
    "cerulean-city/bike-shop": "58863bf45287",
    "cerulean-city/cerulean-badge-house": "8bdd0872d858",
    "cerulean-city/cerulean-cave": "0736a5e81f97",
    "cerulean-city/cerulean-gym": "5d20d5595616",
    "cerulean-city/cerulean-poke-mart": "6a382ea56d16",
    "cerulean-city/cerulean-pokemon-center": "9e5f921fa339",
    "cerulean-city/cerulean-trade-house": "29767abce60e",
    "cerulean-city/cerulean-trashed-house": "2b6f9c48ffd4",
    "cinnabar-island": "e21a3192e1ce",
    "cinnabar-island/cinnabar-gym": "a1340235e5c2",
    "cinnabar-island/cinnabar-lab": "fa0e679b8d2c",
    "cinnabar-island/cinnabar-poke-mart": "6ef26a1f69ab",
    "cinnabar-island/cinnabar-pokemon-center": "21457fe2dbd0",
    "cinnabar-island/pokemon-mansion": "ce453e73a69e",
    "fuchsia-city": "f90e08c39e1f",
    "fuchsia-city/fuchsia-bills-grandpas-house": "3d7189af507e",
    "fuchsia-city/fuchsia-good-rod-house": "c03df6827234",
    "fuchsia-city/fuchsia-gym": "3fb775aafcc4",
    "fuchsia-city/fuchsia-meeting-room": "03005ddc31e6",
    "fuchsia-city/fuchsia-poke-mart": "8068cb1191c8",
    "fuchsia-city/fuchsia-pokemon-center": "0abfb0a0e36f",
    "fuchsia-city/safari-zone": "c76760fc61bf",
    "fuchsia-city/safari-zone-gate": "21c18499e117",
    "fuchsia-city/wardens-house": "a864d74114de",
    "indigo-plateau": "8676e2de36d2",
    "indigo-plateau/indigo-plateau-lobby": "16b307ebfd16",
    "indigo-plateau/pokemon-league": "ebc9feeb8510",
    "lavender-town": "1e46305085ae",
    "lavender-town/lavender-cubone-house": "edfe67f65d65",
    "lavender-town/lavender-poke-mart": "c66f4cfc1527",
    "lavender-town/lavender-pokemon-center": "fd47a78fd6cb",
    "lavender-town/mr-fujis-house": "94c47a6e0260",
    "lavender-town/name-raters-house": "d23d091f3036",
    "lavender-town/pokemon-tower": "9d4a0bf62cb8",
    "pallet-town": "1711b33590e4",
    "pallet-town/blues-house": "d509b842faa8",
    "pallet-town/oaks-lab": "0f0539897a32",
    "pallet-town/reds-house": "8e772b7d5137",
    "pewter-city": "7ccdff8e762b",
    "pewter-city/pewter-gym": "b90707f264be",
    "pewter-city/pewter-museum": "bc48401f82eb",
    "pewter-city/pewter-nidoran-house": "a0088d8b8fac",
    "pewter-city/pewter-poke-mart": "a36d1252c2c7",
    "pewter-city/pewter-pokemon-center": "1bfff6ca8d45",
    "pewter-city/pewter-speech-house": "5ff0601b5ebd",
    "route-1": "021eb33ce95f",
    "route-10": "1f42786ccf00",
    "route-10/power-plant": "e8908ca0bdd2",
    "route-10/rock-tunnel": "95db36b8550e",
    "route-10/rock-tunnel-pokemon-center": "8f9be4c03d72",
    "route-11": "b3c59a0121d2",
    "route-11/digletts-cave": "ceaf4e7da53c",
    "route-11/digletts-cave-route-11": "6af5a2ad6169",
    "route-11/route-11-gate": "f2537fd115cb",
    "route-12": "1bd1c81e3429",
    "route-12/route-12-gate": "ca27d76af24e",
    "route-12/route-12-super-rod-house": "51465ea591a0",
    "route-13": "b7db22590309",
    "route-14": "2b86065ae232",
    "route-15": "4950e0213368",
    "route-15/route-15-gate": "5f17eade2ade",
    "route-16": "8a2f47309da1",
    "route-16/route-16-fly-house": "9f8e9eb4e3b7",
    "route-16/route-16-gate": "ea27db472309",
    "route-17": "5f83384875b5",
    "route-18": "470aab976b6c",
    "route-18/route-18-gate": "cec5e6390c0b",
    "route-19": "0663b4662d0b",
    "route-19/summer-beach-house": "12b87cfd3a6f",
    "route-2": "3084f66bfbf7",
    "route-2/digletts-cave": "48641eccc18a",
    "route-2/digletts-cave-route-2": "1af50e8cd83a",
    "route-2/route-2-gate": "31d305d94d38",
    "route-2/route-2-trade-house": "41baf66ccdb5",
    "route-2/viridian-forest": "94069ecceb01",
    "route-2/viridian-forest-north-gate": "94db8aeea657",
    "route-2/viridian-forest-south-gate": "0d8812dd3d5b",
    "route-20": "f5d65aed2b4f",
    "route-20/seafoam-islands": "82d8b8276b43",
    "route-21": "0700630b650a",
    "route-22": "0fad34d33eb6",
    "route-22/route-22-gate": "9b4079fb55af",
    "route-23": "3cf1a2ca9a87",
    "route-23/route-22-gate": "af88ad8c94dc",
    "route-23/victory-road": "fce7002b3609",
    "route-24": "5105d810505d",
    "route-25": "ca022bb10947",
    "route-25/bills-house": "b016b43054ea",
    "route-3": "50541d34fb96",
    "route-4": "6b7d84c41957",
    "route-4/mt-moon": "975f6e5ae763",
    "route-4/mt-moon-pokemon-center": "5dab6a601b3f",
    "route-5": "2af336d74021",
    "route-5/daycare": "fbd089fe7770",
    "route-5/route-5-gate": "4190478cf7a5",
    "route-5/underground-path-north-south": "47e1125a90b6",
    "route-5/underground-path-route-5": "dc1c669558d5",
    "route-6": "af967e2a7c0f",
    "route-6/route-6-gate": "88523599adb0",
    "route-6/underground-path-north-south": "84c1e7a8868a",
    "route-6/underground-path-route-6": "5fa0abed3ade",
    "route-7": "0e50c3a3d827",
    "route-7/route-7-gate": "b1974a85affa",
    "route-7/underground-path-route-7": "df2bc9719f58",
    "route-7/underground-path-west-east": "13144a3f1dfe",
    "route-8": "9f32e291a5d7",
    "route-8/route-8-gate": "696a223e8f4c",
    "route-8/underground-path-route-8": "d457923aca7b",
    "route-8/underground-path-west-east": "1a9c698822a1",
    "route-9": "e886235a8856",
    "saffron-city": "f0919e4e6669",
    "saffron-city/copycats-house": "88225e8476d7",
    "saffron-city/fighting-dojo": "3e79099850f7",
    "saffron-city/mr-psychics-house": "9af82472cb74",
    "saffron-city/saffron-gym": "741516c8bd87",
    "saffron-city/saffron-pidgey-house": "e5c06185c178",
    "saffron-city/saffron-poke-mart": "4a49242757b1",
    "saffron-city/saffron-pokemon-center": "e5ace1c3a501",
    "saffron-city/silph-co": "263981928064",
    "vermilion-city": "04cf258cf915",
    "vermilion-city/pokemon-fan-club": "926cc11436b8",
    "vermilion-city/ss-anne": "7cdc26cce392",
    "vermilion-city/vermilion-gym": "ae9c2cb3af96",
    "vermilion-city/vermilion-old-rod-house": "564b0dbe410e",
    "vermilion-city/vermilion-pidgey-house": "b28f860334cb",
    "vermilion-city/vermilion-poke-mart": "51b115b14434",
    "vermilion-city/vermilion-pokemon-center": "023f9f23a325",
    "vermilion-city/vermilion-trade-house": "9e2359d49c43",
    "viridian-city": "216663533599",
    "viridian-city/viridian-gym": "fe0eeb0a654f",
    "viridian-city/viridian-nickname-house": "99e64c6ceab0",
    "viridian-city/viridian-poke-mart": "2d2afc7b5554",
    "viridian-city/viridian-pokemon-center": "d09aea5ddff9",
    "viridian-city/viridian-school-house": "e3c44585b49b",
  },
  "region": "ebfa6fbb283b",
}
`;
